hell test and main